
[R]egister new
[L]ogin
[C]hange Password
[V]iew USers (PlainText)
[E]xit
> r
Enter new username: alice
Enter new password: mypassword123
User registered successfully.

[R]egister new
[L]ogin
[C]hange Password
[V]iew USers (PlainText)
[E]xit
> e
